// Jest Snapshot v1, https://goo.gl/fbAQLP

exports[`<Post /> should match to snapshot 1`] = `ShallowWrapper {}`;
